- Checking Summary worksheet
    - Loading core metadata
        - Metadata for Core fields found: 1 records
    - Loading project id metadata
        - Metadata for Project IDs found: 1 records
        - Valid project ids provided: 1
    - Loading access metadata
        - Metadata for Access details found: 1 records
        - Dataset access: embargoed until 2026-05-14 00:00:00
    - Loading author metadata
        - Metadata for Authors found: 1 records
    - Loading keywords metadata
        - Metadata for Keywords found: 2 records
    - Loading DOI metadata
        - Metadata for DOI found: 1 records
    - Loading temporal extent metadata
        - Metadata for Date Extents found: 1 records
    - Loading geographic extent metadata
        - Metadata for Geographic Extents found: 1 records
    - Loading funding metadata
        - Metadata for Funding Bodies found: 1 records
    - Loading permit metadata
        - Metadata for Permits found: 1 records
    - Loading external file metadata
        - Metadata for External Files found: 3 records
    - Loading sequenced taxa metadata
        - Metadata for Sequenced Taxa Sheets found: 2 records
        - Data worksheet Sequenced found.
        - Data worksheet MoreSeqData found.
    - Loading data worksheet metadata
        - Metadata for Worksheets found: 7 records
        - Data worksheet abundances_1 found.
        - Data worksheet abundances_2 found.
        - Data worksheet interactions_1 found.
        - Data worksheet interactions_2 found.
        - Data worksheet interactions_3 found.
        - Data worksheet external_1 found.
        - Data worksheet external_2 found.
    - Summary formatted correctly
- Loading Locations worksheet
    - Checking known locations
    - Checking new locations
        - Validating lat / long data
        - Validating WKT data
    - 6 locations loaded correctly
- Loading GBIFTaxa worksheet
    - Reading taxa data
        - Additional fields provided: 'comments'
        - Validating row 1: crbo
            - Taxon found in GBIF backbone (accepted)
        - Validating row 2: dolic_sp
            - Taxon found in GBIF backbone (accepted)
        - Validating row 3: gannets
            - Taxon found in GBIF backbone (accepted)
        - Validating row 4: lost_orang
            - Parent taxon (Pongo) accepted
            - Taxon in GBIF backbone (accepted) with compatible parent information
        - Validating row 5: morpho1
            - Parent taxon (Formicidae) accepted
            - Taxon of type morphospecies has valid parent information
        - Validating row 6: bombines
            - Parent taxon (Apidae) accepted
            - Taxon of type tribe has valid parent information
        - Validating row 7: new_gannet
            - Parent taxon (Morus) accepted
            - Canon GBIF usage ignored
            - Taxon with ignored canon usage has valid parent information.
        - Validating row 8: Tiger leech
            - Taxon found in GBIF backbone (accepted)
        - Validating row 9: Brown leech
            - Taxon found in GBIF backbone (accepted)
        - Validating row 10: Clouded leopard
            - Taxon found in GBIF backbone (accepted)
        - Validating row 11: Flat headed cat
            - Taxon found in GBIF backbone (accepted)
        - Validating row 12: Brown rat
            - Taxon found in GBIF backbone (accepted)
        - Validating row 13: Moon rat
            - Taxon found in GBIF backbone (accepted)
        - Indexing taxonomic hierarchy
            - Added kingdom Animalia
            - Added phylum Chordata
            - Added phylum Annelida
            - Added phylum Arthropoda
            - Added class Mammalia
            - Added class Clitellata
            - Added class Aves
            - Added class Insecta
            - Added order Suliformes
            - Added order Rodentia
            - Added order Arhynchobdellida
            - Added order Carnivora
            - Added order Erinaceomorpha
            - Added order Primates
            - Added order Hymenoptera
            - Added family Erinaceidae
            - Added family Felidae
            - Added family Hominidae
            - Added family Haemadipsidae
            - Added family Sulidae
            - Added family Muridae
            - Added genus Echinosorex
            - Added genus Neofelis
            - Added genus Crematogaster
            - Added genus Haemadipsa
            - Added genus Prionailurus
            - Added genus Rattus
        - 13 taxa loaded correctly
- Loading sequenced taxonomy worksheet
    - Reading bioinformatics taxon data from Sequenced
        - Additional fields provided: 'comments'
    - Loading row 1: ASV_100
        - Loaded species: Saitozyma podzolica
    - Loading row 2: ASV_101
        - Loaded species: Trichoderma spirale
    - Loading row 3: ASV_102
        - Loaded species: Apiotrichum sporotrichoides
    - Loading row 4: ASV_103
        - Loaded genus: Trichoderma
    - Loading row 5: ASV_104
        - Loaded species: Mortierella elongata
    - Loading row 6: ASV_105
        - Loaded genus: Talaromyces
    - Loading row 7: ASV_106
        - Loaded species: Purpureocillium lilacinum
    - Loading row 8: ASV_107
        - Loaded species: Trichoderma harzianum
    - Loading row 9: ASV_108
        - Loaded species: Geoglossum difforme
    - Loading row 10: ASV_109
        - Loaded species: Trichoderma harzianum
    - Loading row 11: ASV_110
        - Loaded species: Pyrenochaetopsis leptospora
    - Loading row 12: ASV_111
        - Loaded species: Trichoderma koningiopsis
    - Loading row 13: ASV_113
        - Loaded species: Metarhizium carneum
    - Loading row 14: ASV_114
        - Loaded genus: Chloridium
- 14 taxa loaded correctly from Sequenced
- Loading sequenced taxonomy worksheet
    - Reading bioinformatics taxon data from MoreSeqData
        - Additional fields provided: 'comments'
    - Loading row 1: TH_100
        - Loaded species: Saitozyma podzolica
    - Loading row 2: TH_101
        - Loaded species: Trichoderma spirale
    - Loading row 3: TH_102
        - Loaded species: Apiotrichum sporotrichoides
    - Loading row 4: TH_103
        - Loaded genus: Trichoderma
    - Loading row 5: TH_104
        - Loaded species: Mortierella elongata
    - Loading row 6: TH_105
        - Loaded genus: Talaromyces
    - Loading row 7: TH_106
        - Loaded species: Purpureocillium lilacinum
    - Loading row 8: TH_107
        - Loaded species: Trichoderma harzianum
    - Loading row 9: TH_108
        - Loaded species: Geoglossum difforme
    - Loading row 10: TH_109
        - Loaded species: Trichoderma harzianum
    - Loading row 11: TH_110
        - Loaded species: Pyrenochaetopsis leptospora
    - Loading row 12: TH_111
        - Loaded species: Trichoderma koningiopsis
    - Loading row 13: TH_113
        - Loaded species: Metarhizium carneum
    - Loading row 14: TH_114
        - Loaded genus: Chloridium
- 14 taxa loaded correctly from MoreSeqData
- Checking worksheet 'abundances_1'
    - Validating field metadata
    - Validating field data
        - Checking field tiger_count
        - Checking field brown_count
    - Worksheet 'abundances_1' contains 6 descriptors, 2 data rows and 2 fields
    - Dataframe formatted correctly
- Checking worksheet 'abundances_2'
    - Validating field metadata
    - Validating field data
        - Checking field common_name
        - Checking field leech_count
    - Worksheet 'abundances_2' contains 6 descriptors, 4 data rows and 2 fields
    - Dataframe formatted correctly
- Checking worksheet 'interactions_1'
    - Validating field metadata
    - Validating field data
        - Checking field predator
        - Checking field prey
        - Checking field outcome
            ? Label descriptions for interacting taxa incomplete or missing
    - Worksheet 'interactions_1' contains 6 descriptors, 2 data rows and 3 fields
    - Dataframe formatted correctly
- Checking worksheet 'interactions_2'
    - Validating field metadata
    - Validating field data
        - Checking field outcome
    - Worksheet 'interactions_2' contains 6 descriptors, 2 data rows and 1 fields
    - Dataframe formatted correctly
- Checking worksheet 'interactions_3'
    - Validating field metadata
    - Validating field data
        - Checking field prey
        - Checking field outcome
    - Worksheet 'interactions_3' contains 7 descriptors, 2 data rows and 2 fields
    - Dataframe formatted correctly
- Checking worksheet 'external_1'
    - Validating field metadata
    - Validating field data
        - Checking field Altitude
        - Checking field DEM
    - Worksheet 'external_1' contains 6 descriptors, 8 data rows and 2 fields
    - Dataframe formatted correctly
- Checking worksheet 'external_2'
    - Validating field metadata
    - Validating field data
        - Checking field Altitude
        - Checking field Bait_trap_image
    - Worksheet 'external_2' contains 7 descriptors, 8 data rows and 2 fields
    - Dataframe formatted correctly
- Running final checking
    - Checking provided locations and taxa all used in data worksheets
        ? Location list cannot be validated when external data files are used
        ? Taxon list cannot be validated when external data files are used
    - Checking temporal and geographic extents
        ? The Latitudinal extent is set in Summary but also is populated from the data - this may be deliberate!
        ? The Longitudinal extent is set in Summary but also is populated from the data - this may be deliberate!
- PASS: file formatted correctly but with 5 warnings
